[
    {
        "expected": "SELECT name, CASE WHEN age < ? THEN ? ELSE ? END FROM users",
        "statement_metadata": {
            "size": 11,
            "tables": [
                "users"
            ],
            "commands": [
                "SELECT"
            ],
            "comments": [],
            "procedures": []
        }
    }
]