[
    {
        "expected": "SELECT * FROM users WHERE last_login < NOW ( ) - INTERVAL ? FOR UPDATE OF users",
        "statement_metadata": {
            "size": 17,
            "tables": [
                "users"
            ],
            "commands": [
                "SELECT",
                "UPDATE"
            ],
            "comments": [],
            "procedures": []
        }
    }
]