[
    {
        "expected": "INSERT INTO events ( data ) VALUES ( ? )",
        "statement_metadata": {
            "size": 12,
            "tables": [
                "events"
            ],
            "commands": [
                "INSERT"
            ],
            "comments": [],
            "procedures": []
        }
    }
]