[
    {
        "expected": "UPDATE users SET name = ? WHERE id = ?",
        "statement_metadata": {
            "size": 11,
            "tables": [
                "users"
            ],
            "commands": [
                "UPDATE"
            ],
            "comments": [],
            "procedures": []
        }
    }
]