[
    {
        "expected": "WITH updated AS ( UPDATE users SET name = ? WHERE id = ? RETURNING * ) SELECT * FROM updated",
        "statement_metadata": {
            "size": 24,
            "tables": [
                "users",
                "updated"
            ],
            "commands": [
                "UPDATE",
                "SELECT"
            ],
            "comments": [],
            "procedures": []
        }
    }
]