$ bash -c cd rust && cargo +nightly test -Zbuild-std --target x86_64-unknown-linux-gnu -p sqllexer-ffi --features panic-probe 
   Compiling sqllexer-ffi v0.1.0 (/home/ubuntu/go-sqllexer/rust/sqllexer-ffi)
    Finished `test` profile [unoptimized + debuginfo] target(s) in 0.26s
     Running unittests src/lib.rs (target/x86_64-unknown-linux-gnu/debug/build/sqllexer-ffi/98cc3e0be34f31f5/out/sqllexer_ffi-98cc3e0be34f31f5)

running 5 tests
test tests::rejects_null_arguments_instead_of_dereferencing_them ... ok
test tests::tokenizes_including_values_the_lexer_had_to_materialize ... ok
test tests::reuses_a_handle_without_leaking_state ... ok
test tests::round_trips_a_statement_through_the_boundary ... ok
test tests::exposes_obfuscate_and_normalize_separately ... ok

test result: ok. 5 passed; 0 failed; 0 ignored; 0 measured; 0 filtered out; finished in 0.00s

     Running tests/stress.rs (target/x86_64-unknown-linux-gnu/debug/build/sqllexer-ffi/5914ba02fdd5a354/out/stress-5914ba02fdd5a354)

running 7 tests
test feeding_a_result_back_as_input_aliases_handle_memory ... ignored, deliberate aliasing UB; only meaningful under Miri
test leaking_a_handle_is_reported ... ignored, deliberate leak; only meaningful as a LeakSanitizer positive control
test reading_a_result_after_free_is_a_use_after_free ... ignored, deliberate use-after-free; only meaningful as an ASan positive control
test a_panic_is_contained_and_leaves_the_handle_usable ... ok
test one_handle_per_thread_is_independent ... ok
test creates_and_destroys_many_handles ... ok
test drives_one_handle_through_every_mode ... ok

test result: ok. 4 passed; 0 failed; 3 ignored; 0 measured; 0 filtered out; finished in 0.58s

   Doc-tests sqllexer_ffi

running 0 tests

test result: ok. 0 passed; 0 failed; 0 ignored; 0 measured; 0 filtered out; finished in 0.00s

[exit 0]
