$ bash -c cd rust && cargo +nightly miri test -p sqllexer
    Finished `test` profile [unoptimized + debuginfo] target(s) in 0.00s
     Running unittests src/lib.rs (target/miri/x86_64-unknown-linux-gnu/debug/build/sqllexer/508bb3b6c98c1fdd/out/sqllexer-508bb3b6c98c1fdd)

running 0 tests

test result: ok. 0 passed; 0 failed; 0 ignored; 0 measured; 0 filtered out; finished in 0.03s

     Running tests/parity.rs (target/miri/x86_64-unknown-linux-gnu/debug/build/sqllexer/11d2f71ae3349434/out/parity-11d2f71ae3349434)

running 17 tests
test collapses_repeated_placeholders_in_a_list ... ok
test distinguishes_dollar_quoted_functions_strings_and_parameters ... ok
test handles_degenerate_input ... ok
test honors_normalizer_options ... ok
test honors_obfuscator_options ... ok
test invalid_utf8_is_preserved_byte_for_byte ... ok
test metadata_is_deduplicated_and_sized_by_first_occurrence ... ok
test mysql_treats_double_quotes_as_strings_and_backticks_as_identifiers ... ok
test obfuscates_and_normalizes_with_metadata ... ok
test oracle_binds_and_snowflake_stages_are_dbms_specific ... ok
test scans_a_plain_statement ... ok
test scans_comments_and_json_operators ... ok
test scans_numeric_literal_shapes ... ok
test splits_identifiers_on_non_letter_runes ... ok
test sqlserver_accepts_bracket_hash_and_dollar_identifiers ... ok
test token_type_discriminants_match_go ... ok
test unterminated_string_is_incomplete_not_an_error ... ok

test result: ok. 17 passed; 0 failed; 0 ignored; 0 measured; 0 filtered out; finished in 4.77s

   Doc-tests sqllexer

running 1 test
test sqllexer/src/lib.rs - (line 14) ... ok

test result: ok. 1 passed; 0 failed; 0 ignored; 0 measured; 0 filtered out; finished in 0.34s

[exit 0]
$ bash -c cd rust && cargo +nightly miri test -p sqllexer-ffi --features panic-probe
    Finished `test` profile [unoptimized + debuginfo] target(s) in 0.00s
     Running unittests src/lib.rs (target/miri/x86_64-unknown-linux-gnu/debug/build/sqllexer-ffi/281f1fc80d7ab890/out/sqllexer_ffi-281f1fc80d7ab890)

running 5 tests
test tests::exposes_obfuscate_and_normalize_separately ... ok
test tests::rejects_null_arguments_instead_of_dereferencing_them ... ok
test tests::reuses_a_handle_without_leaking_state ... ok
test tests::round_trips_a_statement_through_the_boundary ... ok
test tests::tokenizes_including_values_the_lexer_had_to_materialize ... ok

test result: ok. 5 passed; 0 failed; 0 ignored; 0 measured; 0 filtered out; finished in 1.68s

     Running tests/stress.rs (target/miri/x86_64-unknown-linux-gnu/debug/build/sqllexer-ffi/02f4fc92ba1d6952/out/stress-02f4fc92ba1d6952)

running 7 tests
test a_panic_is_contained_and_leaves_the_handle_usable ... ok
test creates_and_destroys_many_handles ... ok
test drives_one_handle_through_every_mode ... ok
test feeding_a_result_back_as_input_aliases_handle_memory ... ignored, deliberate aliasing UB; only meaningful under Miri
test leaking_a_handle_is_reported ... ignored, deliberate leak; only meaningful as a LeakSanitizer positive control
test one_handle_per_thread_is_independent ... ok
test reading_a_result_after_free_is_a_use_after_free ... ignored, deliberate use-after-free; only meaningful as an ASan positive control

test result: ok. 4 passed; 0 failed; 3 ignored; 0 measured; 0 filtered out; finished in 54.24s

   Doc-tests sqllexer_ffi

running 0 tests

test result: ok. 0 passed; 0 failed; 0 ignored; 0 measured; 0 filtered out; finished in 0.00s

[exit 0]
