$ wc -l harness/sanitizers/.work-37566/corpus.jsonl
3367 harness/sanitizers/.work-37566/corpus.jsonl
[exit 0]
$ bash -c GOMAXPROCS=1 GOGC=off valgrind --tool=memcheck --leak-check=full --show-leak-kinds=all       --num-callers=20       --log-file=harness/sanitizers/logs/valgrind-gorunner.txt       harness/sanitizers/.work-37566/gorunner <harness/sanitizers/.work-37566/corpus.jsonl >harness/sanitizers/.work-37566/gorunner.out
[exit 0]
$ bash -c grep -E '^==[0-9]+== (ERROR SUMMARY|LEAK SUMMARY|   definitely|   indirectly|   possibly|   still reachable|   suppressed)' harness/sanitizers/logs/valgrind-gorunner.txt
==39389== ERROR SUMMARY: 1038621 errors from 1000 contexts (suppressed: 0 from 0)
[exit 0]
$ bash -c GOMAXPROCS=1 GOGC=off valgrind --tool=memcheck --leak-check=full --show-leak-kinds=all       --num-callers=20       --log-file=harness/sanitizers/logs/valgrind-ffirunner.txt       harness/sanitizers/.work-37566/ffirunner <harness/sanitizers/.work-37566/corpus.jsonl >harness/sanitizers/.work-37566/ffirunner.out
[exit 0]
$ bash -c grep -E '^==[0-9]+== (ERROR SUMMARY|LEAK SUMMARY|   definitely|   indirectly|   possibly|   still reachable|   suppressed)' harness/sanitizers/logs/valgrind-ffirunner.txt
==39408== LEAK SUMMARY:
==39408==    definitely lost: 0 bytes in 0 blocks
==39408==    indirectly lost: 0 bytes in 0 blocks
==39408==    still reachable: 29,696 bytes in 1 blocks
==39408== ERROR SUMMARY: 43 errors from 8 contexts (suppressed: 0 from 0)
[exit 0]
$ bash -c cmp harness/sanitizers/.work-37566/gorunner.out harness/sanitizers/.work-37566/ffirunner.out && echo 'runners agreed on every response'
runners agreed on every response
[exit 0]
$ bash -c comm -13 harness/sanitizers/logs/valgrind-gorunner-frames.txt harness/sanitizers/logs/valgrind-ffirunner-frames.txt | tee harness/sanitizers/logs/valgrind-ffi-only-frames.txt | wc -l
22
[exit 0]
