$ go version
go version go1.25.7 linux/amd64
[exit 0]
$ rustc --version
rustc 1.98.0 (88d9e12ae 2026-08-18)
[exit 0]
$ cargo --version
cargo 1.98.0 (797e8a9bc 2026-08-05)
[exit 0]
$ rustc +nightly --version
rustc 1.100.0-nightly (0dfb098f3 2026-08-31)
[exit 0]
$ cargo +nightly miri --version
miri 0.1.0 (0dfb098f3a 2026-08-31)
[exit 0]
$ valgrind --version
valgrind-3.18.1
[exit 0]
$ llvm-symbolizer --version
llvm-symbolizer
Ubuntu LLVM version 14.0.0
  
  Optimized build.
  Default target: x86_64-pc-linux-gnu
  Host CPU: icelake-client
[exit 0]
$ uname -a
Linux devin-box 5.15.200 #6 SMP Fri Aug 14 19:23:04 UTC 2026 x86_64 x86_64 x86_64 GNU/Linux
[exit 0]
