[
    {
        "expected": "DELETE FROM users u USING orders o, order_items oi, products p WHERE u.id = o.user_id AND o.id = oi.order_id AND oi.product_id = p.id AND p.category = ? AND o.order_date < NOW ( ) - INTERVAL ?",
        "statement_metadata": {
            "size": 11,
            "tables": [
                "users"
            ],
            "commands": [
                "DELETE"
            ],
            "comments": [],
            "procedures": []
        }
    }
]